******************************************************************************
                  TI ARM Linker PC v18.12.8                    
******************************************************************************
>> Linked Fri May  5 10:56:44 2023

OUTPUT FILE NAME:   <lab7.out>
ENTRY POINT SYMBOL: "_c_int00_noinit_noargs"  address: 000006c5


MEMORY CONFIGURATION

         name            origin    length      used     unused   attr    fill
----------------------  --------  ---------  --------  --------  ----  --------
  FLASH                 00000000   00040000  00000718  0003f8e8  R  X
  SRAM                  20000000   00008000  00000df8  00007208  RW X


SEGMENT ALLOCATION MAP

run origin  load origin   length   init length attrs members
----------  ----------- ---------- ----------- ----- -------
00000000    00000000    00000718   00000718    r-x
  00000000    00000000    0000026c   0000026c    r-- .intvecs
  0000026c    0000026c    000004ac   000004ac    r-x .text
20000000    20000000    00000bf8   00000bf8    r-x
  20000000    20000000    00000bf8   00000bf8    r-x .data
20000bf8    20000bf8    00000200   00000000    rw-
  20000bf8    20000bf8    00000200   00000000    rw- .stack


SECTION ALLOCATION MAP

 output                                  attributes/
section   page    origin      length       input sections
--------  ----  ----------  ----------   ----------------
.intvecs   0    00000000    0000026c     
                  00000000    0000026c     tm4c123gh6pm_startup_ccs.obj (.intvecs)

.text      0    0000026c    000004ac     
                  0000026c    00000458     lab7library.obj (.text)
                  000006c4    0000002c     rtsv7M4_T_le_v4SPD16_eabi.lib : boot_cortex_m.c.obj (.text:_c_int00_noinit_noargs:_c_int00_noinit_noargs)
                  000006f0    0000000c     tm4c123gh6pm_startup_ccs.obj (.text)
                  000006fc    0000000a     main.obj (.text)
                  00000706    00000004     rtsv7M4_T_le_v4SPD16_eabi.lib : pre_init.c.obj (.text:_system_pre_init)
                  0000070a    00000004                                   : exit.c.obj (.text:abort:abort)
                  0000070e    00000002     --HOLE-- [fill = 0]
                  00000710    00000008     lab7.obj (.tramp.lab7.1)

.cinit     0    00000000    00000000     UNINITIALIZED

.init_array 
*          0    00000000    00000000     UNINITIALIZED

.data      0    20000000    00000bf8     
                  20000000    00000b90     lab7.obj (.data)
                  20000b90    00000008     lab7library.obj (.tramp.int2string.1)
                  20000b98    00000008     lab7library.obj (.tramp.disable_timer.1)
                  20000ba0    00000008     lab7library.obj (.tramp.illuminate_LEDs.1)
                  20000ba8    00000008     lab7library.obj (.tramp.timer_interrupt_init.1)
                  20000bb0    00000008     lab7library.obj (.tramp.read_from_push_btns.1)
                  20000bb8    00000008     lab7library.obj (.tramp.read_character.1)
                  20000bc0    00000008     lab7library.obj (.tramp.output_string.1)
                  20000bc8    00000008     lab7library.obj (.tramp.illuminate_RGB_LED.1)
                  20000bd0    00000008     lab7library.obj (.tramp.output_character.1)
                  20000bd8    00000008     lab7library.obj (.tramp.gpio_interrupt_init.1)
                  20000be0    00000008     lab7library.obj (.tramp.gpio_btn_and_LED_init.1)
                  20000be8    00000008     lab7library.obj (.tramp.uart_interrupt_init.1)
                  20000bf0    00000008     lab7library.obj (.tramp.uart_init.1)

.stack     0    20000bf8    00000200     UNINITIALIZED
                  20000bf8    00000004     rtsv7M4_T_le_v4SPD16_eabi.lib : boot_cortex_m.c.obj (.stack)
                  20000bfc    000001fc     --HOLE--

MODULE SUMMARY

       Module                         code   ro data   rw data
       ------                         ----   -------   -------
    .\
       lab7.obj                       2968   0         0      
       lab7library.obj                1216   0         0      
       tm4c123gh6pm_startup_ccs.obj   12     620       0      
       main.obj                       10     0         0      
    +--+------------------------------+------+---------+---------+
       Total:                         4206   620       0      
                                                              
    C:\ti\ccs930\ccs\tools\compiler\ti-cgt-arm_18.12.8.LTS\lib\rtsv7M4_T_le_v4SPD16_eabi.lib
       boot_cortex_m.c.obj            44     0         0      
       exit.c.obj                     4      0         0      
       pre_init.c.obj                 4      0         0      
    +--+------------------------------+------+---------+---------+
       Total:                         52     0         0      
                                                              
       Stack:                         0      0         512    
    +--+------------------------------+------+---------+---------+
       Grand Total:                   4258   620       512    


FAR CALL TRAMPOLINES

callee name               trampoline name
   callee addr  tramp addr   call addr  call info
--------------  -----------  ---------  ----------------
lab7                      $Tramp$TT$L$PI$$lab7
   20000215     00000710     000006fe   main.obj (.text)
int2string                $Tramp$TT$L$PI$$int2string
   0000067b     20000b90     200003aa   lab7.obj (.data)
                             2000051a   lab7.obj (.data)
                             200007a8   lab7.obj (.data)
                             200007b8   lab7.obj (.data)
                             20000820   lab7.obj (.data)
disable_timer             $Tramp$TT$L$PI$$disable_timer
   0000049b     20000b98     20000388   lab7.obj (.data)
                             2000072c   lab7.obj (.data)
illuminate_LEDs           $Tramp$TT$L$PI$$illuminate_LEDs
   000005c7     20000ba0     20000330   lab7.obj (.data)
timer_interrupt_init      $Tramp$TT$L$PI$$timer_interrupt_init
   000004b9     20000ba8     2000030c   lab7.obj (.data)
read_from_push_btns       $Tramp$TT$L$PI$$read_from_push_btns
   0000055f     20000bb0     2000027a   lab7.obj (.data)
read_character            $Tramp$TT$L$PI$$read_character
   0000026d     20000bb8     20000276   lab7.obj (.data)
                             200003ca   lab7.obj (.data)
output_string             $Tramp$TT$L$PI$$output_string
   0000065f     20000bc0     2000024a   lab7.obj (.data)
                             2000025e   lab7.obj (.data)
                             20000272   lab7.obj (.data)
                             2000039c   lab7.obj (.data)
                             200003b2   lab7.obj (.data)
                             200003c6   lab7.obj (.data)
                             20000522   lab7.obj (.data)
                             20000722   lab7.obj (.data)
                             20000746   lab7.obj (.data)
                             200007d4   lab7.obj (.data)
                             200007ec   lab7.obj (.data)
                             20000812   lab7.obj (.data)
                             20000828   lab7.obj (.data)
                             2000083c   lab7.obj (.data)
                             20000882   lab7.obj (.data)
                             20000ae8   lab7.obj (.data)
                             20000afc   lab7.obj (.data)
                             20000b16   lab7.obj (.data)
                             20000b2a   lab7.obj (.data)
                             20000b40   lab7.obj (.data)
illuminate_RGB_LED        $Tramp$TT$L$PI$$illuminate_RGB_LED
   00000611     20000bc8     20000236   lab7.obj (.data)
                             20000a32   lab7.obj (.data)
output_character          $Tramp$TT$L$PI$$output_character
   00000637     20000bd0     2000022e   lab7.obj (.data)
                             200002d4   lab7.obj (.data)
                             200003fa   lab7.obj (.data)
                             20000402   lab7.obj (.data)
                             20000608   lab7.obj (.data)
                             20000624   lab7.obj (.data)
                             20000634   lab7.obj (.data)
                             2000063c   lab7.obj (.data)
                             2000064c   lab7.obj (.data)
                             20000650   lab7.obj (.data)
                             20000654   lab7.obj (.data)
                             20000658   lab7.obj (.data)
                             2000065c   lab7.obj (.data)
                             20000660   lab7.obj (.data)
                             20000664   lab7.obj (.data)
                             20000668   lab7.obj (.data)
                             2000066c   lab7.obj (.data)
                             20000670   lab7.obj (.data)
                             20000674   lab7.obj (.data)
                             20000678   lab7.obj (.data)
                             2000067c   lab7.obj (.data)
                             20000680   lab7.obj (.data)
                             20000684   lab7.obj (.data)
                             20000688   lab7.obj (.data)
                             2000068c   lab7.obj (.data)
                             20000690   lab7.obj (.data)
                             20000694   lab7.obj (.data)
                             20000698   lab7.obj (.data)
                             2000069c   lab7.obj (.data)
                             2000078a   lab7.obj (.data)
                             20000792   lab7.obj (.data)
                             200007c4   lab7.obj (.data)
                             200007dc   lab7.obj (.data)
                             200007f4   lab7.obj (.data)
                             20000854   lab7.obj (.data)
                             20000864   lab7.obj (.data)
                             200008b6   lab7.obj (.data)
                             200008ca   lab7.obj (.data)
                             200008de   lab7.obj (.data)
                             200008e6   lab7.obj (.data)
                             200008ee   lab7.obj (.data)
                             200008f6   lab7.obj (.data)
                             200008fe   lab7.obj (.data)
                             20000912   lab7.obj (.data)
                             2000091a   lab7.obj (.data)
                             20000922   lab7.obj (.data)
                             20000998   lab7.obj (.data)
                             2000099c   lab7.obj (.data)
                             200009a0   lab7.obj (.data)
                             20000af2   lab7.obj (.data)
                             20000b20   lab7.obj (.data)
gpio_interrupt_init       $Tramp$TT$L$PI$$gpio_interrupt_init
   00000405     20000bd8     20000222   lab7.obj (.data)
gpio_btn_and_LED_init     $Tramp$TT$L$PI$$gpio_btn_and_LED_init
   00000295     20000be0     2000021e   lab7.obj (.data)
uart_interrupt_init       $Tramp$TT$L$PI$$uart_interrupt_init
   000003c3     20000be8     2000021a   lab7.obj (.data)
uart_init                 $Tramp$TT$L$PI$$uart_init
   0000031b     20000bf0     20000216   lab7.obj (.data)

[14 trampolines]
[90 trampoline calls]


GLOBAL SYMBOLS: SORTED ALPHABETICALLY BY Name 

address   name                  
-------   ----                  
0000070b  C$$EXIT               
000006f1  ResetISR              
200006eb  Switch_Handler        
200003db  Timer_Handler         
200006a3  UART0_Handler         
20000df8  __STACK_END           
00000200  __STACK_SIZE          
20000df8  __STACK_TOP           
ffffffff  __TI_pprof_out_hndl   
ffffffff  __TI_prof_data_size   
ffffffff  __TI_prof_data_start  
00000000  __TI_static_base__    
ffffffff  __binit__             
ffffffff  __c_args__            
UNDEFED   __mpu_init            
20000bf8  __stack               
000006c5  _c_int00_noinit_noargs
00000707  _system_pre_init      
0000070b  abort                 
ffffffff  binit                 
0000049b  disable_timer         
00000000  g_pfnVectors          
00000295  gpio_btn_and_LED_init 
00000405  gpio_interrupt_init   
000005c7  illuminate_LEDs       
00000611  illuminate_RGB_LED    
0000067b  int2string            
20000215  lab7                  
000006fd  main                  
00000637  output_character      
0000065f  output_string         
0000026d  read_character        
0000055f  read_from_push_btns   
000004b9  timer_interrupt_init  
0000031b  uart_init             
000003c3  uart_interrupt_init   


GLOBAL SYMBOLS: SORTED BY Symbol Address 

address   name                  
-------   ----                  
00000000  __TI_static_base__    
00000000  g_pfnVectors          
00000200  __STACK_SIZE          
0000026d  read_character        
00000295  gpio_btn_and_LED_init 
0000031b  uart_init             
000003c3  uart_interrupt_init   
00000405  gpio_interrupt_init   
0000049b  disable_timer         
000004b9  timer_interrupt_init  
0000055f  read_from_push_btns   
000005c7  illuminate_LEDs       
00000611  illuminate_RGB_LED    
00000637  output_character      
0000065f  output_string         
0000067b  int2string            
000006c5  _c_int00_noinit_noargs
000006f1  ResetISR              
000006fd  main                  
00000707  _system_pre_init      
0000070b  C$$EXIT               
0000070b  abort                 
20000215  lab7                  
200003db  Timer_Handler         
200006a3  UART0_Handler         
200006eb  Switch_Handler        
20000bf8  __stack               
20000df8  __STACK_END           
20000df8  __STACK_TOP           
ffffffff  __TI_pprof_out_hndl   
ffffffff  __TI_prof_data_size   
ffffffff  __TI_prof_data_start  
ffffffff  __binit__             
ffffffff  __c_args__            
ffffffff  binit                 
UNDEFED   __mpu_init            

[36 symbols]
