******************************************************************************
                  TI ARM Linker PC v20.2.7                     
******************************************************************************
>> Linked Wed May  3 15:13:46 2023

OUTPUT FILE NAME:   <lab7.out>
ENTRY POINT SYMBOL: "_c_int00_noinit_noargs"  address: 000006a1


MEMORY CONFIGURATION

         name            origin    length      used     unused   attr    fill
----------------------  --------  ---------  --------  --------  ----  --------
  FLASH                 00000000   00040000  000006f4  0003f90c  R  X
  SRAM                  20000000   00008000  00000cc4  0000733c  RW X


SEGMENT ALLOCATION MAP

run origin  load origin   length   init length attrs members
----------  ----------- ---------- ----------- ----- -------
00000000    00000000    000006f4   000006f4    r-x
  00000000    00000000    0000026c   0000026c    r-- .intvecs
  0000026c    0000026c    00000488   00000488    r-x .text
20000000    20000000    00000ac4   00000ac4    r-x
  20000000    20000000    00000ac4   00000ac4    r-x .data
20000ac8    20000ac8    00000200   00000000    rw-
  20000ac8    20000ac8    00000200   00000000    rw- .stack


SECTION ALLOCATION MAP

 output                                  attributes/
section   page    origin      length       input sections
--------  ----  ----------  ----------   ----------------
.intvecs   0    00000000    0000026c     
                  00000000    0000026c     tm4c123gh6pm_startup_ccs.obj (.intvecs)

.text      0    0000026c    00000488     
                  0000026c    00000432     lab7library.obj (.text)
                  0000069e    00000002     --HOLE-- [fill = 0]
                  000006a0    0000002c     rtsv7M4_T_le_v4SPD16_eabi.lib : boot_cortex_m.c.obj (.text:_c_int00_noinit_noargs:_c_int00_noinit_noargs)
                  000006cc    0000000c     tm4c123gh6pm_startup_ccs.obj (.text)
                  000006d8    0000000a     main.obj (.text)
                  000006e2    00000004     rtsv7M4_T_le_v4SPD16_eabi.lib : pre_init.c.obj (.text:_system_pre_init)
                  000006e6    00000004                                   : exit.c.obj (.text:abort:abort)
                  000006ea    00000002     --HOLE-- [fill = 0]
                  000006ec    00000008     lab7.obj (.tramp.lab7.1)

.cinit     0    00000000    00000000     UNINITIALIZED

.init_array 
*          0    00000000    00000000     UNINITIALIZED

.data      0    20000000    00000ac4     
                  20000000    00000a64     lab7.obj (.data)
                  20000a64    00000008     lab7library.obj (.tramp.int2string.1)
                  20000a6c    00000008     lab7library.obj (.tramp.illuminate_LEDs.1)
                  20000a74    00000008     lab7library.obj (.tramp.read_from_push_btns.1)
                  20000a7c    00000008     lab7library.obj (.tramp.read_character.1)
                  20000a84    00000008     lab7library.obj (.tramp.output_string.1)
                  20000a8c    00000008     lab7library.obj (.tramp.output_character.1)
                  20000a94    00000008     lab7library.obj (.tramp.disable_timer.1)
                  20000a9c    00000008     lab7library.obj (.tramp.timer_interrupt_init.1)
                  20000aa4    00000008     lab7library.obj (.tramp.gpio_interrupt_init.1)
                  20000aac    00000008     lab7library.obj (.tramp.gpio_btn_and_LED_init.1)
                  20000ab4    00000008     lab7library.obj (.tramp.uart_interrupt_init.1)
                  20000abc    00000008     lab7library.obj (.tramp.uart_init.1)

.stack     0    20000ac8    00000200     UNINITIALIZED
                  20000ac8    00000004     rtsv7M4_T_le_v4SPD16_eabi.lib : boot_cortex_m.c.obj (.stack)
                  20000acc    000001fc     --HOLE--

__llvm_prf_cnts 
*          0    20000000    00000000     UNINITIALIZED

MODULE SUMMARY

       Module                         code   ro data   rw data
       ------                         ----   -------   -------
    .\
       lab7.obj                       2668   0         0      
       lab7library.obj                1170   0         0      
       tm4c123gh6pm_startup_ccs.obj   12     620       0      
       main.obj                       10     0         0      
    +--+------------------------------+------+---------+---------+
       Total:                         3860   620       0      
                                                              
    C:\ti\ccs1220\ccs\tools\compiler\ti-cgt-arm_20.2.7.LTS\lib\rtsv7M4_T_le_v4SPD16_eabi.lib
       boot_cortex_m.c.obj            44     0         0      
       exit.c.obj                     4      0         0      
       pre_init.c.obj                 4      0         0      
    +--+------------------------------+------+---------+---------+
       Total:                         52     0         0      
                                                              
       Stack:                         0      0         512    
    +--+------------------------------+------+---------+---------+
       Grand Total:                   3912   620       512    


FAR CALL TRAMPOLINES

callee name               trampoline name
   callee addr  tramp addr   call addr  call info
--------------  -----------  ---------  ----------------
lab7                      $Tramp$TT$L$PI$$lab7
   2000020d     000006ec     000006da   main.obj (.text)
int2string                $Tramp$TT$L$PI$$int2string
   00000655     20000a64     2000032c   lab7.obj (.data)
                             2000068e   lab7.obj (.data)
                             2000069e   lab7.obj (.data)
                             20000706   lab7.obj (.data)
illuminate_LEDs           $Tramp$TT$L$PI$$illuminate_LEDs
   000005c7     20000a6c     20000300   lab7.obj (.data)
read_from_push_btns       $Tramp$TT$L$PI$$read_from_push_btns
   0000055f     20000a74     20000272   lab7.obj (.data)
read_character            $Tramp$TT$L$PI$$read_character
   0000026d     20000a7c     2000026e   lab7.obj (.data)
                             20000348   lab7.obj (.data)
output_string             $Tramp$TT$L$PI$$output_string
   00000639     20000a84     20000242   lab7.obj (.data)
                             20000256   lab7.obj (.data)
                             2000026a   lab7.obj (.data)
                             20000320   lab7.obj (.data)
                             20000334   lab7.obj (.data)
                             20000344   lab7.obj (.data)
                             20000608   lab7.obj (.data)
                             2000062c   lab7.obj (.data)
                             200006ba   lab7.obj (.data)
                             200006d2   lab7.obj (.data)
                             200006f8   lab7.obj (.data)
                             2000070e   lab7.obj (.data)
                             20000722   lab7.obj (.data)
                             20000768   lab7.obj (.data)
                             200009b2   lab7.obj (.data)
                             200009c6   lab7.obj (.data)
                             200009e0   lab7.obj (.data)
                             200009f4   lab7.obj (.data)
                             20000a0a   lab7.obj (.data)
output_character          $Tramp$TT$L$PI$$output_character
   00000611     20000a8c     2000022e   lab7.obj (.data)
                             200002b0   lab7.obj (.data)
                             20000378   lab7.obj (.data)
                             20000380   lab7.obj (.data)
                             200004f2   lab7.obj (.data)
                             2000050e   lab7.obj (.data)
                             2000051a   lab7.obj (.data)
                             20000522   lab7.obj (.data)
                             20000532   lab7.obj (.data)
                             20000536   lab7.obj (.data)
                             2000053a   lab7.obj (.data)
                             2000053e   lab7.obj (.data)
                             20000542   lab7.obj (.data)
                             20000546   lab7.obj (.data)
                             2000054a   lab7.obj (.data)
                             2000054e   lab7.obj (.data)
                             20000552   lab7.obj (.data)
                             20000556   lab7.obj (.data)
                             2000055a   lab7.obj (.data)
                             2000055e   lab7.obj (.data)
                             20000562   lab7.obj (.data)
                             20000566   lab7.obj (.data)
                             2000056a   lab7.obj (.data)
                             2000056e   lab7.obj (.data)
                             20000572   lab7.obj (.data)
                             20000576   lab7.obj (.data)
                             2000057a   lab7.obj (.data)
                             2000057e   lab7.obj (.data)
                             20000582   lab7.obj (.data)
                             20000670   lab7.obj (.data)
                             20000678   lab7.obj (.data)
                             200006aa   lab7.obj (.data)
                             200006c2   lab7.obj (.data)
                             200006da   lab7.obj (.data)
                             2000073a   lab7.obj (.data)
                             2000074a   lab7.obj (.data)
                             2000079c   lab7.obj (.data)
                             200007b0   lab7.obj (.data)
                             200007c6   lab7.obj (.data)
                             200007ce   lab7.obj (.data)
                             200007d6   lab7.obj (.data)
                             200007de   lab7.obj (.data)
                             200007e6   lab7.obj (.data)
                             200007fa   lab7.obj (.data)
                             20000802   lab7.obj (.data)
                             2000080a   lab7.obj (.data)
                             20000880   lab7.obj (.data)
                             20000884   lab7.obj (.data)
                             20000888   lab7.obj (.data)
                             200009bc   lab7.obj (.data)
                             200009ea   lab7.obj (.data)
disable_timer             $Tramp$TT$L$PI$$disable_timer
   0000049b     20000a94     20000226   lab7.obj (.data)
                             2000030c   lab7.obj (.data)
                             20000612   lab7.obj (.data)
timer_interrupt_init      $Tramp$TT$L$PI$$timer_interrupt_init
   000004b9     20000a9c     20000222   lab7.obj (.data)
                             200002c0   lab7.obj (.data)
gpio_interrupt_init       $Tramp$TT$L$PI$$gpio_interrupt_init
   00000405     20000aa4     2000021a   lab7.obj (.data)
gpio_btn_and_LED_init     $Tramp$TT$L$PI$$gpio_btn_and_LED_init
   00000295     20000aac     20000216   lab7.obj (.data)
uart_interrupt_init       $Tramp$TT$L$PI$$uart_interrupt_init
   000003c3     20000ab4     20000212   lab7.obj (.data)
uart_init                 $Tramp$TT$L$PI$$uart_init
   0000031b     20000abc     2000020e   lab7.obj (.data)

[13 trampolines]
[88 trampoline calls]


GLOBAL SYMBOLS: SORTED ALPHABETICALLY BY Name 

address   name                   
-------   ----                   
000006e7  C$$EXIT                
000006cd  ResetISR               
200005d1  Switch_Handler         
20000359  Timer_Handler          
20000589  UART0_Handler          
20000cc8  __STACK_END            
00000200  __STACK_SIZE           
20000cc8  __STACK_TOP            
ffffffff  __TI_pprof_out_hndl    
ffffffff  __TI_prof_data_size    
ffffffff  __TI_prof_data_start   
00000000  __TI_static_base__     
ffffffff  __binit__              
ffffffff  __c_args__             
UNDEFED   __mpu_init             
20000ac8  __stack                
20000000  __start___llvm_prf_cnts
20000000  __stop___llvm_prf_cnts 
000006a1  _c_int00_noinit_noargs 
000006e3  _system_pre_init       
000006e7  abort                  
ffffffff  binit                  
0000049b  disable_timer          
00000000  g_pfnVectors           
00000295  gpio_btn_and_LED_init  
00000405  gpio_interrupt_init    
000005c7  illuminate_LEDs        
00000655  int2string             
2000020d  lab7                   
000006d9  main                   
00000611  output_character       
00000639  output_string          
0000026d  read_character         
0000055f  read_from_push_btns    
000004b9  timer_interrupt_init   
0000031b  uart_init              
000003c3  uart_interrupt_init    


GLOBAL SYMBOLS: SORTED BY Symbol Address 

address   name                   
-------   ----                   
00000000  __TI_static_base__     
00000000  g_pfnVectors           
00000200  __STACK_SIZE           
0000026d  read_character         
00000295  gpio_btn_and_LED_init  
0000031b  uart_init              
000003c3  uart_interrupt_init    
00000405  gpio_interrupt_init    
0000049b  disable_timer          
000004b9  timer_interrupt_init   
0000055f  read_from_push_btns    
000005c7  illuminate_LEDs        
00000611  output_character       
00000639  output_string          
00000655  int2string             
000006a1  _c_int00_noinit_noargs 
000006cd  ResetISR               
000006d9  main                   
000006e3  _system_pre_init       
000006e7  C$$EXIT                
000006e7  abort                  
20000000  __start___llvm_prf_cnts
20000000  __stop___llvm_prf_cnts 
2000020d  lab7                   
20000359  Timer_Handler          
20000589  UART0_Handler          
200005d1  Switch_Handler         
20000ac8  __stack                
20000cc8  __STACK_END            
20000cc8  __STACK_TOP            
ffffffff  __TI_pprof_out_hndl    
ffffffff  __TI_prof_data_size    
ffffffff  __TI_prof_data_start   
ffffffff  __binit__              
ffffffff  __c_args__             
ffffffff  binit                  
UNDEFED   __mpu_init             

[37 symbols]
