******************************************************************************
                  TI ARM Linker PC v18.12.8                    
******************************************************************************
>> Linked Tue May  2 12:27:30 2023

OUTPUT FILE NAME:   <lab7.out>
ENTRY POINT SYMBOL: "_c_int00_noinit_noargs"  address: 000006a1


MEMORY CONFIGURATION

         name            origin    length      used     unused   attr    fill
----------------------  --------  ---------  --------  --------  ----  --------
  FLASH                 00000000   00040000  000006f4  0003f90c  R  X
  SRAM                  20000000   00008000  00000c14  000073ec  RW X


SEGMENT ALLOCATION MAP

run origin  load origin   length   init length attrs members
----------  ----------- ---------- ----------- ----- -------
00000000    00000000    000006f4   000006f4    r-x
  00000000    00000000    0000026c   0000026c    r-- .intvecs
  0000026c    0000026c    00000488   00000488    r-x .text
20000000    20000000    00000a14   00000a14    r-x
  20000000    20000000    00000a14   00000a14    r-x .data
20000a18    20000a18    00000200   00000000    rw-
  20000a18    20000a18    00000200   00000000    rw- .stack


SECTION ALLOCATION MAP

 output                                  attributes/
section   page    origin      length       input sections
--------  ----  ----------  ----------   ----------------
.intvecs   0    00000000    0000026c     
                  00000000    0000026c     tm4c123gh6pm_startup_ccs.obj (.intvecs)

.text      0    0000026c    00000488     
                  0000026c    00000432     lab7library.obj (.text)
                  0000069e    00000002     --HOLE-- [fill = 0]
                  000006a0    0000002c     rtsv7M4_T_le_v4SPD16_eabi.lib : boot_cortex_m.c.obj (.text:_c_int00_noinit_noargs:_c_int00_noinit_noargs)
                  000006cc    0000000c     tm4c123gh6pm_startup_ccs.obj (.text)
                  000006d8    0000000a     main.obj (.text)
                  000006e2    00000004     rtsv7M4_T_le_v4SPD16_eabi.lib : pre_init.c.obj (.text:_system_pre_init)
                  000006e6    00000004                                   : exit.c.obj (.text:abort:abort)
                  000006ea    00000002     --HOLE-- [fill = 0]
                  000006ec    00000008     lab7.obj (.tramp.lab7.1)

.cinit     0    00000000    00000000     UNINITIALIZED

.init_array 
*          0    00000000    00000000     UNINITIALIZED

.data      0    20000000    00000a14     
                  20000000    000009b4     lab7.obj (.data)
                  200009b4    00000008     lab7library.obj (.tramp.int2string.1)
                  200009bc    00000008     lab7library.obj (.tramp.illuminate_LEDs.1)
                  200009c4    00000008     lab7library.obj (.tramp.read_from_push_btns.1)
                  200009cc    00000008     lab7library.obj (.tramp.read_character.1)
                  200009d4    00000008     lab7library.obj (.tramp.output_string.1)
                  200009dc    00000008     lab7library.obj (.tramp.output_character.1)
                  200009e4    00000008     lab7library.obj (.tramp.disable_timer.1)
                  200009ec    00000008     lab7library.obj (.tramp.timer_interrupt_init.1)
                  200009f4    00000008     lab7library.obj (.tramp.gpio_interrupt_init.1)
                  200009fc    00000008     lab7library.obj (.tramp.gpio_btn_and_LED_init.1)
                  20000a04    00000008     lab7library.obj (.tramp.uart_interrupt_init.1)
                  20000a0c    00000008     lab7library.obj (.tramp.uart_init.1)

.stack     0    20000a18    00000200     UNINITIALIZED
                  20000a18    00000004     rtsv7M4_T_le_v4SPD16_eabi.lib : boot_cortex_m.c.obj (.stack)
                  20000a1c    000001fc     --HOLE--

MODULE SUMMARY

       Module                         code   ro data   rw data
       ------                         ----   -------   -------
    .\
       lab7.obj                       2492   0         0      
       lab7library.obj                1170   0         0      
       tm4c123gh6pm_startup_ccs.obj   12     620       0      
       main.obj                       10     0         0      
    +--+------------------------------+------+---------+---------+
       Total:                         3684   620       0      
                                                              
    C:\ti\ccs930\ccs\tools\compiler\ti-cgt-arm_18.12.8.LTS\lib\rtsv7M4_T_le_v4SPD16_eabi.lib
       boot_cortex_m.c.obj            44     0         0      
       exit.c.obj                     4      0         0      
       pre_init.c.obj                 4      0         0      
    +--+------------------------------+------+---------+---------+
       Total:                         52     0         0      
                                                              
       Stack:                         0      0         512    
    +--+------------------------------+------+---------+---------+
       Grand Total:                   3736   620       512    


FAR CALL TRAMPOLINES

callee name               trampoline name
   callee addr  tramp addr   call addr  call info
--------------  -----------  ---------  ----------------
lab7                      $Tramp$TT$L$PI$$lab7
   200001ed     000006ec     000006da   main.obj (.text)
int2string                $Tramp$TT$L$PI$$int2string
   00000655     200009b4     20000308   lab7.obj (.data)
                             2000065e   lab7.obj (.data)
                             2000066e   lab7.obj (.data)
                             200006d6   lab7.obj (.data)
illuminate_LEDs           $Tramp$TT$L$PI$$illuminate_LEDs
   000005c7     200009bc     200002de   lab7.obj (.data)
read_from_push_btns       $Tramp$TT$L$PI$$read_from_push_btns
   0000055f     200009c4     20000252   lab7.obj (.data)
read_character            $Tramp$TT$L$PI$$read_character
   0000026d     200009cc     2000024e   lab7.obj (.data)
                             20000324   lab7.obj (.data)
output_string             $Tramp$TT$L$PI$$output_string
   00000639     200009d4     20000222   lab7.obj (.data)
                             20000236   lab7.obj (.data)
                             2000024a   lab7.obj (.data)
                             200002fc   lab7.obj (.data)
                             20000310   lab7.obj (.data)
                             20000320   lab7.obj (.data)
                             200005d8   lab7.obj (.data)
                             200005fc   lab7.obj (.data)
                             2000068a   lab7.obj (.data)
                             200006a2   lab7.obj (.data)
                             200006c8   lab7.obj (.data)
                             200006de   lab7.obj (.data)
                             200006f2   lab7.obj (.data)
                             20000738   lab7.obj (.data)
                             2000094c   lab7.obj (.data)
                             20000960   lab7.obj (.data)
                             2000097a   lab7.obj (.data)
                             2000098e   lab7.obj (.data)
                             200009a4   lab7.obj (.data)
output_character          $Tramp$TT$L$PI$$output_character
   00000611     200009dc     2000020e   lab7.obj (.data)
                             20000290   lab7.obj (.data)
                             200002bc   lab7.obj (.data)
                             20000354   lab7.obj (.data)
                             2000035c   lab7.obj (.data)
                             200004c2   lab7.obj (.data)
                             200004de   lab7.obj (.data)
                             200004ea   lab7.obj (.data)
                             200004f2   lab7.obj (.data)
                             20000502   lab7.obj (.data)
                             20000506   lab7.obj (.data)
                             2000050a   lab7.obj (.data)
                             2000050e   lab7.obj (.data)
                             20000512   lab7.obj (.data)
                             20000516   lab7.obj (.data)
                             2000051a   lab7.obj (.data)
                             2000051e   lab7.obj (.data)
                             20000522   lab7.obj (.data)
                             20000526   lab7.obj (.data)
                             2000052a   lab7.obj (.data)
                             2000052e   lab7.obj (.data)
                             20000532   lab7.obj (.data)
                             20000536   lab7.obj (.data)
                             2000053a   lab7.obj (.data)
                             2000053e   lab7.obj (.data)
                             20000542   lab7.obj (.data)
                             20000546   lab7.obj (.data)
                             2000054a   lab7.obj (.data)
                             2000054e   lab7.obj (.data)
                             20000552   lab7.obj (.data)
                             20000640   lab7.obj (.data)
                             20000648   lab7.obj (.data)
                             2000067a   lab7.obj (.data)
                             20000692   lab7.obj (.data)
                             200006aa   lab7.obj (.data)
                             2000070a   lab7.obj (.data)
                             2000071a   lab7.obj (.data)
                             20000768   lab7.obj (.data)
                             2000077c   lab7.obj (.data)
                             20000790   lab7.obj (.data)
                             20000798   lab7.obj (.data)
                             200007a0   lab7.obj (.data)
                             200007a8   lab7.obj (.data)
                             200007b0   lab7.obj (.data)
                             200007c4   lab7.obj (.data)
                             200007cc   lab7.obj (.data)
                             200007d4   lab7.obj (.data)
                             20000956   lab7.obj (.data)
                             20000984   lab7.obj (.data)
disable_timer             $Tramp$TT$L$PI$$disable_timer
   0000049b     200009e4     20000206   lab7.obj (.data)
                             200002e8   lab7.obj (.data)
                             200005e2   lab7.obj (.data)
timer_interrupt_init      $Tramp$TT$L$PI$$timer_interrupt_init
   000004b9     200009ec     20000202   lab7.obj (.data)
                             200002a8   lab7.obj (.data)
gpio_interrupt_init       $Tramp$TT$L$PI$$gpio_interrupt_init
   00000405     200009f4     200001fa   lab7.obj (.data)
gpio_btn_and_LED_init     $Tramp$TT$L$PI$$gpio_btn_and_LED_init
   00000295     200009fc     200001f6   lab7.obj (.data)
uart_interrupt_init       $Tramp$TT$L$PI$$uart_interrupt_init
   000003c3     20000a04     200001f2   lab7.obj (.data)
uart_init                 $Tramp$TT$L$PI$$uart_init
   0000031b     20000a0c     200001ee   lab7.obj (.data)

[13 trampolines]
[86 trampoline calls]


GLOBAL SYMBOLS: SORTED ALPHABETICALLY BY Name 

address   name                  
-------   ----                  
000006e7  C$$EXIT               
000006cd  ResetISR              
200005a1  Switch_Handler        
20000335  Timer_Handler         
20000559  UART0_Handler         
20000c18  __STACK_END           
00000200  __STACK_SIZE          
20000c18  __STACK_TOP           
ffffffff  __TI_pprof_out_hndl   
ffffffff  __TI_prof_data_size   
ffffffff  __TI_prof_data_start  
00000000  __TI_static_base__    
ffffffff  __binit__             
ffffffff  __c_args__            
UNDEFED   __mpu_init            
20000a18  __stack               
000006a1  _c_int00_noinit_noargs
000006e3  _system_pre_init      
000006e7  abort                 
ffffffff  binit                 
0000049b  disable_timer         
00000000  g_pfnVectors          
00000295  gpio_btn_and_LED_init 
00000405  gpio_interrupt_init   
000005c7  illuminate_LEDs       
00000655  int2string            
200001ed  lab7                  
000006d9  main                  
00000611  output_character      
00000639  output_string         
0000026d  read_character        
0000055f  read_from_push_btns   
000004b9  timer_interrupt_init  
0000031b  uart_init             
000003c3  uart_interrupt_init   


GLOBAL SYMBOLS: SORTED BY Symbol Address 

address   name                  
-------   ----                  
00000000  __TI_static_base__    
00000000  g_pfnVectors          
00000200  __STACK_SIZE          
0000026d  read_character        
00000295  gpio_btn_and_LED_init 
0000031b  uart_init             
000003c3  uart_interrupt_init   
00000405  gpio_interrupt_init   
0000049b  disable_timer         
000004b9  timer_interrupt_init  
0000055f  read_from_push_btns   
000005c7  illuminate_LEDs       
00000611  output_character      
00000639  output_string         
00000655  int2string            
000006a1  _c_int00_noinit_noargs
000006cd  ResetISR              
000006d9  main                  
000006e3  _system_pre_init      
000006e7  C$$EXIT               
000006e7  abort                 
200001ed  lab7                  
20000335  Timer_Handler         
20000559  UART0_Handler         
200005a1  Switch_Handler        
20000a18  __stack               
20000c18  __STACK_END           
20000c18  __STACK_TOP           
ffffffff  __TI_pprof_out_hndl   
ffffffff  __TI_prof_data_size   
ffffffff  __TI_prof_data_start  
ffffffff  __binit__             
ffffffff  __c_args__            
ffffffff  binit                 
UNDEFED   __mpu_init            

[35 symbols]
